[dellawer.com/products/vors/indexbb68.html]
[backblue.gif]
[fade.gif]
[index.html]
[dellawer.com/wp-content/uploads/2021/08/Cloth-Brush-1.jpg]
[dellawer.com/products/vors/index.html]
[connect.facebook.net/en_US/fbevents.js]
[code.jquery.com/jquery-2.2.2.min.js]
[dellawer.com/wp-content/themes/aleestore/css/style1eb7.css]
[dellawer.com/wp-includes/css/dist/block-library/style1eb7.css]
[dellawer.com/wp-content/themes/aleestore/css/timer1eb7.css]
[dellawer.com/wp-content/themes/aleestore/css/slick1eb7.css]
[dellawer.com/wp-content/themes/aleestore/css/settings1eb7.css]
[dellawer.com/wp-content/themes/aleestore/css/normalize1eb7.css]
[dellawer.com/wp-content/themes/aleestore/css/style-frontpage1eb7.css]
[dellawer.com/wp-includes/js/jquery/jqueryaf6c.js]
[dellawer.com/wp-includes/js/jquery/jquery-migrated617.js]
[dellawer.com/wp-content/uploads/2021/08/Cloth-Brush-2.jpg]
[bandatips.com/wp-content/uploads/2021/08/Cloth-Brush-3.jpg]
[dellawer.com/wp-content/uploads/2021/08/Cloth-Brush-4.jpg]
[dellawer.com/wp-content/uploads/2021/08/Cloth-Brush-5.jpg]
[dellawer.com/wp-content/uploads/2021/08/Cloth-Brush-6.jpg]
[dellawer.com/wp-content/uploads/2021/08/Cloth-Brush-7.jpg]
[dellawer.com/wp-content/uploads/2022/10/paymethod.jpg]
[dellawer.com/wp-content/uploads/2021/11/Banner3.jpg]
[dellawer.com/wp-content/uploads/2021/11/Banner-4.jpg]
[dellawer.com/wp-content/themes/aleestore/img/loading.gif]
[customer.smartsender.eu/js/client/gd.min081a.js]
[dellawer.com/wp-content/themes/aleestore/js/navigation8a54.js]
[dellawer.com/wp-content/themes/aleestore/js/count8a54.js]
[dellawer.com/wp-content/themes/aleestore/js/main8a54.js]
[dellawer.com/wp-content/themes/aleestore/js/maskedinput8a54.js]
[dellawer.com/wp-content/themes/aleestore/js/previewYouTube8a54.js]
[dellawer.com/products/vors/indexbb68.html]
[dellawer.com/wp-content/themes/aleestore/js/slick.min8a54.js]
[dellawer.com/products/vors/index.html]
[connect.facebook.net/en_US/fbevents.js]
[dellawer.com/wp-includes/css/dist/block-library/style1eb7.css]
[dellawer.com/wp-content/themes/aleestore/css/MOZGEBY.jpg]
[dellawer.com/wp-content/themes/aleestore/css/place.png]
[dellawer.com/wp-content/themes/aleestore/css/plus.png]
[dellawer.com/wp-content/themes/aleestore/css/b2.jpg]
[dellawer.com/wp-content/themes/aleestore/css/ship.png]
[dellawer.com/wp-content/themes/aleestore/css/style1eb7.css]
[dellawer.com/wp-content/themes/aleestore/img/stars.png]
[dellawer.com/wp-content/themes/aleestore/css/timer1eb7.css]
[dellawer.com/wp-content/themes/aleestore/css/arrow.png]
[dellawer.com/wp-content/themes/aleestore/css/slick1eb7.css]
[dellawer.com/wp-content/themes/aleestore/css/Bebas Neue Regular Regular.woff2]
[dellawer.com/wp-content/themes/aleestore/css/Bebas Neue Regular Regular.woff]
[dellawer.com/wp-content/themes/aleestore/css/Bebas Neue Regular Regular.otf]
[dellawer.com/wp-content/themes/aleestore/css/Bebas Neue Bold Regular.woff2]
[dellawer.com/wp-content/themes/aleestore/css/Bebas Neue Bold Regular.woff]
[dellawer.com/wp-content/themes/aleestore/css/Bebas Neue Bold Regular.otf]
[dellawer.com/wp-content/themes/aleestore/img/ship.png]
[dellawer.com/wp-content/themes/aleestore/img/arrow.png]
[dellawer.com/wp-content/themes/aleestore/img/plus.png]
[dellawer.com/wp-content/themes/aleestore/css/settings1eb7.css]
[dellawer.com/wp-content/themes/aleestore/css/normalize1eb7.css]
[dellawer.com/wp-content/themes/aleestore/css/Bebas_Neue_Cyrillic.ttf]
[dellawer.com/wp-content/themes/aleestore/css/style-frontpage1eb7.css]
[dellawer.com/wp-content/themes/aleestore/css/MOZGEBY.html]
[dellawer.com/wp-content/themes/aleestore/css/place.html]
[dellawer.com/wp-content/themes/aleestore/css/plus.html]
[dellawer.com/wp-content/themes/aleestore/css/b2.html]
[dellawer.com/wp-content/themes/aleestore/css/ship.html]
[dellawer.com/wp-content/themes/aleestore/css/arrow.html]
[vtrybe.shop/img/before.png]
[vtrybe.shop/img/after.png]
[vtrybe.shop/img/use.jpg]
